ATOMBASIS


Angstrom Atomtypes=5 Generators=2 X Z
Charge=15.0 Atoms=1 Basis=ziopeppe
P1     -1.365297   -2.439684    1.330929
Charge=6.0 Atoms=13 Basis=ziopeppe
C1      0.000000    0.000000    1.195766
C2      0.000000   -1.349456    1.923391
C3      2.026186   -2.453087    0.184708
C4     -0.045204    1.265933    1.979479
C5     -0.533680    2.401462    1.336414
C6      0.403207    1.359643    3.292295
C7     -0.597596    3.606984    2.006135
C8      0.354029    2.573946    3.955982
C9     -0.153165    3.692661    3.317898
C10    -3.230544   -1.236483   -0.081823
C11    -1.546054   -4.614470    2.834973
C12    -4.066300   -2.496198   -0.375469
C13    -2.609783   -5.087066    3.843305
Charge=8.0 Atoms=6 Basis=ziopeppe
O1      0.000000    0.000000    0.000000
O2      2.539972   -1.155496    2.391803
O3      1.471529   -3.390844    2.561763
O4     -1.048516   -3.254624    0.167883
O5     -2.529159   -1.396026    1.152880
O6     -1.795402   -3.219920    2.621826
Charge=1.0 Atoms=19 Basis=ziopeppe
H1     -0.158306   -1.226977    2.986714
H2      2.088908   -1.517992   -0.349143
H3      2.992674   -2.939658    0.218641
H4      1.275497   -3.098994   -0.242915
H5     -0.861678    2.323006    0.317171
H6      0.830536    0.509936    3.789503
H7     -0.987053    4.477529    1.509787
H8      0.715077    2.644282    4.965948
H9     -0.197764    4.632662    3.838967
H10    -2.532201   -1.056284   -0.885034
H11    -3.876572   -0.383166    0.053368
H12    -0.553897   -4.740236    3.237631
H13    -1.643163   -5.155431    1.905741
H14    -4.611233   -2.371268   -1.299505
H15    -3.419595   -3.356630   -0.463953
H16    -4.770040   -2.668026    0.425547
H17    -2.491175   -6.142661    4.038370
H18    -2.505447   -4.545523    4.771877
H19    -3.598893   -4.913407    3.445935
Charge=16.0 Atoms=1 Basis=ziopeppe
S1      1.621325   -2.134657    1.876428
