BASIS
6-31G*


Angstrom Atomtypes=4
Charge=1.0 Atoms=3
H1            0.0000000000         -2.1045904910          1.0027007766
H2            0.8963022639         -1.4256154325          2.3713485532
H3           -0.8963022639         -1.4256154325          2.3713485532
Charge=6.0 Atoms=1
C1            0.0000000000         -1.3395009537          1.7677903139
Charge=7.0 Atoms=1
N1            0.0000000000          0.0000000000          1.1770000000
Charge=8.0 Atoms=1
O1            0.0000000000          0.0000000000          0.0000000000
