# afreq|bfreq|components|value
0.000000|0.000000|X;X|181.60688341|
0.000000|0.000000|Y;X|7.57370845|
0.000000|0.000000|Z;X|0.00001694|
0.000000|0.000000|X;Y|7.57636973|
0.000000|0.000000|Y;Y|65.24746686|
0.000000|0.000000|Z;Y|-0.00000105|
0.000000|0.000000|X;Z|0.00001834|
0.000000|0.000000|Y;Z|-0.00000152|
0.000000|0.000000|Z;Z|48.37118858|
