# bfreq|cfreq|components|value|equal to
0.000000|0.000000|X;X,X|-33689.55622786|
0.065625|0.000000|X;X,X|-101924.71581970|
0.000000|0.065625|X;X,X||X;X,X
0.065625|0.065625|X;X,X|480088.73092019|
