# inputfiles/CCBondLengths.in
C2  C1  1.429766
C3  C2  1.342828
C4  C3  1.450196
C5  C4  1.332689
