BASIS
cc-pVDZ
Created with dalOut2dalIn script
dalOut2DalInAlign.in
Atomtypes=4 Generators=0
Charge=1.0 Atoms=4
H1     -4.012217759667    3.071897992840    0.000000000000
H2     -2.543005246318   -2.578975919224    0.000000000000
H3      0.654245858122    2.444525402311    0.000000000000
H4      2.340111443292   -3.166165800457    0.000000000000
Charge=6.0 Atoms=5
C1     -6.800076057236    0.111888727558    0.000000000000
C2     -4.255848830018    1.021275656533    0.000000000000
C3     -2.251203560135   -0.534581339635    0.000000000000
C4      0.322707219071    0.406257669209    0.000000000000
C5      2.333338199833   -1.110246766308    0.000000000000
Charge=7.0 Atoms=2
N1      4.877062712854   -0.047710097075    0.000000000000
N2     -8.868976549125   -0.600022759674    0.000000000000
Charge=8.0 Atoms=2
O1      5.116807124247    2.239899623169    0.000000000000
O2      6.593214403704   -1.579337677332    0.000000000000
