BASIS
cc-pVDZ
Created with dalOut2dalIn script
pa04opt.log
Atomtypes=2 Generators=2 Z XY
Charge=1.0 Atoms=5
H1      9.887248476500    0.672552412100    0.000000000000
H3      8.260376843500   -2.453827125500    0.000000000000
H5      5.804433675100    2.838400942400    0.000000000000
H7      3.515167140100   -2.604342341500    0.000000000000
H9      1.158830328700    2.715465165900    0.000000000000
Charge=6.0 Atoms=4
C2      8.122172316600   -0.392492779000    0.000000000000
C4      5.877700212100    0.769557036100    0.000000000000
C6      3.460566402600   -0.534131292400    0.000000000000
C8      1.206583139500    0.644950430400    0.000000000000
