<?xml version="1.0" ?>
<cml xmlns="http://www.xml-cml.org/schema" xmlns:sb="http://forthescience.org/NS/mycml">
	<molecule>
		<name>
			inputfiles/dalton2rawcml
		</name>
		<atomArray>
			<atom id="a1" sb:atomicNumber="1" x3="2.307e-07" y3="-0.0431166985" z3="-0.0202403617">
				<label value="H1"/>
			</atom>
			<atom id="a2" sb:atomicNumber="1" x3="1.751e-07" y3="1.6729220095" z3="-3.0984614789">
				<label value="H2"/>
			</atom>
			<atom id="a3" sb:atomicNumber="1" x3="-6.21e-08" y3="3.9834654382" z3="2.2591198806">
				<label value="H3"/>
			</atom>
			<atom id="a4" sb:atomicNumber="1" x3="-4.152e-07" y3="6.3971763363" z3="-3.1312282876">
				<label value="H4"/>
			</atom>
			<atom id="a5" sb:atomicNumber="1" x3="5.84e-08" y3="8.7077203406" z3="2.2263528516">
				<label value="H5"/>
			</atom>
			<atom id="a6" sb:atomicNumber="1" x3="1.1485e-06" y3="10.4237584759" z3="-0.8518686398">
				<label value="H6"/>
			</atom>
			<atom id="a7" sb:atomicNumber="6" x3="2.04e-07" y3="1.7527241877" z3="-1.0336061328">
				<label value="C1"/>
			</atom>
			<atom id="a8" sb:atomicNumber="6" x3="-3.01e-08" y3="3.9601114154" z3="0.1889860925">
				<label value="C2"/>
			</atom>
			<atom id="a9" sb:atomicNumber="6" x3="-5.431e-07" y3="6.4205305038" z3="-1.0610944968">
				<label value="C3"/>
			</atom>
			<atom id="a10" sb:atomicNumber="6" x3="-7.662e-07" y3="8.6279178237" z3="0.1614975188">
				<label value="C4"/>
			</atom>
		</atomArray>
	</molecule>
</cml>
