# bfreq|cfreq|dfreq|components|value|equal to
0.000000|0.000000|0.000000|X;X,X,X|402408.96230000|
0.065625|0.065625|0.065625|X;X,X,X|-1706068.47520000|
