# bfreq|cfreq|components|value|equal to
0.000000|0.000000|X;X,X|-0.01208229|
0.000000|0.000000|Y;X,X|-0.00090517|
0.000000|0.000000|Z;X,X|0.00161471|
0.000000|0.000000|X;Y,X||Y;X,X
0.000000|0.000000|X;Y,X|-0.00090512|
0.000000|0.000000|Y;Y,X|0.00043418|
0.000000|0.000000|Z;Y,X|-0.00009727|
0.000000|0.000000|X;Z,X||Z;X,X
0.000000|0.000000|Y;Z,X||Z;Y,X
0.000000|0.000000|X;Z,X|0.00161470|
0.000000|0.000000|Y;Z,X|-0.00009726|
0.000000|0.000000|Z;Z,X|-0.00108580|
0.000000|0.000000|X;X,Y||Y;X,X
0.000000|0.000000|Y;X,Y||Y;Y,X
0.000000|0.000000|Z;X,Y||Z;Y,X
0.000000|0.000000|X;Y,Y||Y;Y,X
0.000000|0.000000|X;Y,Y|0.00043418|
0.000000|0.000000|Y;Y,Y|0.00051887|
0.000000|0.000000|Z;Y,Y|0.00007413|
0.000000|0.000000|X;Z,Y||Z;Y,X
0.000000|0.000000|Y;Z,Y||Z;Y,Y
0.000000|0.000000|X;Z,Y|-0.00009726|
0.000000|0.000000|Y;Z,Y|0.00007413|
0.000000|0.000000|Z;Z,Y|0.00019126|
0.000000|0.000000|X;X,Z||Z;X,X
0.000000|0.000000|Y;X,Z||Z;Y,X
0.000000|0.000000|Z;X,Z||Z;Z,X
0.000000|0.000000|X;Y,Z||Z;Y,X
0.000000|0.000000|Y;Y,Z||Z;Y,Y
0.000000|0.000000|Z;Y,Z||Z;Z,Y
0.000000|0.000000|X;Z,Z||Z;Z,X
0.000000|0.000000|Y;Z,Z||Z;Z,Y
0.000000|0.000000|X;Z,Z|-0.00108581|
0.000000|0.000000|Y;Z,Z|0.00019125|
0.000000|0.000000|Z;Z,Z|0.00044937|
