# inputfiles/CCBondLengthsPrime.in
C4  C2  1.337633
C6  C4  1.439243
C8  C6  1.349928
C10  C8  1.4388
C12  C10  1.3504
C14  C12  1.438873
C16  C14  1.350394
C18  C16  1.439131
C20  C18  1.350284
C22  C20  1.439379
C24  C22  1.350178
C26  C24  1.439572
C28  C26  1.350096
C30  C28  1.439712
C32  C30  1.350039
C34  C32  1.439809
C36  C34  1.350001
C38  C36  1.439876
C40  C38  1.349977
C42  C40  1.439921
C44  C42  1.349963
C46  C44  1.439953
C48  C46  1.349956
C50  C48  1.439974
C52  C50  1.349953
C54  C52  1.439987
C56  C54  1.349955
C58  C56  1.439998
C60  C58  1.34997
C60'  C60  1.439997
C58'  C60'  1.349942
C56'  C58'  1.440006
C54'  C56'  1.349957
C52'  C54'  1.440007
C50'  C52'  1.349964
C48'  C50'  1.44
C46'  C48'  1.349973
C44'  C46'  1.439992
C42'  C44'  1.349985
C40'  C42'  1.439981
C38'  C40'  1.350003
C36'  C38'  1.439964
C34'  C36'  1.350028
C32'  C34'  1.439939
C30'  C32'  1.350064
C28'  C30'  1.439905
C26'  C28'  1.350115
C24'  C26'  1.439859
C22'  C24'  1.35018
C20'  C22'  1.439807
C18'  C20'  1.350256
C16'  C18'  1.439771
C14'  C16'  1.350316
C12'  C14'  1.439811
C10'  C12'  1.350273
C8'  C10'  1.440029
C6'  C8'  1.349957
C4'  C6'  1.439353
C2'  C4'  1.349165
