BASIS
cc-pVDZ
Created with dalOut2dalIn script
dalOut2DalInSymmetryWithAlignRelabelSymbolLetters.in
Atomtypes=2 Generators=0
Charge=1.0 Atoms=10
H1A     9.887250366508    0.672524626366    0.000000000000
H1B    -9.887250366508   -0.672524626366    0.000000000000
H3A     8.260369947577   -2.453850339291    0.000000000000
H3B    -8.260369947577    2.453850339291    0.000000000000
H5A     5.804441651720    2.838384630425    0.000000000000
H5B    -5.804441651720   -2.838384630425    0.000000000000
H7A     3.515159821209   -2.604352220021    0.000000000000
H7B    -3.515159821209    2.604352220021    0.000000000000
H9A     1.158837959857    2.715461909276    0.000000000000
H9B    -1.158837959857   -2.715461909276    0.000000000000
Charge=6.0 Atoms=8
C2A     8.122171213561   -0.392515604408    0.000000000000
C2B    -8.122171213561    0.392515604408    0.000000000000
C4A     5.877702374732    0.769540518236    0.000000000000
C4B    -5.877702374732   -0.769540518236    0.000000000000
C6A     3.460564901539   -0.534141017487    0.000000000000
C6B    -3.460564901539    0.534141017487    0.000000000000
C8A     1.206584951973    0.644947039586    0.000000000000
C8B    -1.206584951973   -0.644947039586    0.000000000000
