BASIS
cc-pVDZ
Created with dalOut2dalIn script
dalOut2DalInSymmetryWithAlign.in
Atomtypes=2 Generators=0
Charge=1.0 Atoms=10
H1_1    9.887250366508    0.672524626366    0.000000000000
H1_2   -9.887250366508   -0.672524626366    0.000000000000
H3_1    8.260369947577   -2.453850339291    0.000000000000
H3_2   -8.260369947577    2.453850339291    0.000000000000
H5_1    5.804441651720    2.838384630425    0.000000000000
H5_2   -5.804441651720   -2.838384630425    0.000000000000
H7_1    3.515159821209   -2.604352220021    0.000000000000
H7_2   -3.515159821209    2.604352220021    0.000000000000
H9_1    1.158837959857    2.715461909276    0.000000000000
H9_2   -1.158837959857   -2.715461909276    0.000000000000
Charge=6.0 Atoms=8
C2_1    8.122171213561   -0.392515604408    0.000000000000
C2_2   -8.122171213561    0.392515604408    0.000000000000
C4_1    5.877702374732    0.769540518236    0.000000000000
C4_2   -5.877702374732   -0.769540518236    0.000000000000
C6_1    3.460564901539   -0.534141017487    0.000000000000
C6_2   -3.460564901539    0.534141017487    0.000000000000
C8_1    1.206584951973    0.644947039586    0.000000000000
C8_2   -1.206584951973   -0.644947039586    0.000000000000
