BASIS
Sadlej-pVTZ
Inertia Rotated molecule from pa04opt.log
Coordinates already in au
Generators=2 Z XY Atomtypes=2
Charge=1.0 Atoms=5
H1    -9.8872503660   0.6725246345   0.0000000000
H3    -8.2603699496  -2.4538503325   0.0000000000
H5    -5.8044416494   2.8383846352   0.0000000000
H7    -3.5151598233  -2.6043522171   0.0000000000
H9    -1.1588379576   2.7154619102   0.0000000000
Charge=6.0 Atoms=4
C2    -8.1221712139  -0.3925155977   0.0000000000
C4    -5.8777023741   0.7695405231   0.0000000000
C6    -3.4605649020  -0.5341410146   0.0000000000
C8    -1.2065849514   0.6449470406   0.0000000000
