BASIS
hello
Created with dalOut2dalIn script
dalOut2DalInBasis.in
Atomtypes=4 Generators=1 Z
Charge=1.0 Atoms=4
H1     -4.628784555700    2.118584928600    0.000000000000
H2     -1.952267312600   -3.070559203800    0.000000000000
H3      0.061363416000    2.533302985900    0.000000000000
H4      2.940383692900   -2.568975014100    0.000000000000
Charge=6.0 Atoms=5
C1     -6.697064822400   -1.382275747900    0.000000000000
C2     -4.415266827000    0.064608725200    0.000000000000
C3     -2.117424599700   -1.012059630900    0.000000000000
C4      0.186409462200    0.472037183700    0.000000000000
C5      2.481432357200   -0.564925957000    0.000000000000
Charge=7.0 Atoms=2
N1      4.729043894600    1.031244757100    0.000000000000
N2     -8.558632452200   -2.531942295500    0.000000000000
Charge=8.0 Atoms=2
O1      4.459592696300    3.315545890200    0.000000000000
O2      6.740131032900   -0.085262382500    0.000000000000
