 2
hello
C     0.00000    0.00000    0.03874
H     0.00000    0.00000   -0.46126
 2
hello
C     0.00000    0.00000    0.25000
C     0.00000    0.00000   -0.25000
