 2
hello 1
H     1.00000    2.00000    3.00000
C     1.00000    2.00000    3.00000
 2
hello 2
O     4.00000    6.00000    8.00000
F     5.00000    7.00000    9.00000
